// Jest Snapshot v1, https://goo.gl/fbAQLP

exports[`render generate tan Testing Snapshot 1`] = `ShallowWrapper {}`;
